[themetechmount.com/wordpress/fablio/elementor/index.html]
[backblue.gif]
[fade.gif]
[index.html]
[themetechmount.com/wordpress/fablio/elementor/wp-content/themes/fablio/assets/themetechmount-fablio-extra-icons/font/flaticon84fc.css]
[themetechmount.com/wordpress/fablio/elementor/wp-includes/css/dist/block-library/style.min84fc.css]
[themetechmount.com/wordpress/fablio/elementor/comments/feed/index.html]
[themetechmount.com/wordpress/fablio/elementor/wp-content/plugins/contact-form-7/includes/css/styles9dff.css]
[themetechmount.com/wordpress/fablio/elementor/wp-content/themes/fablio/assets/perfect-scrollbar/perfect-scrollbar.min84fc.css]
[themetechmount.com/wordpress/fablio/elementor/wp-content/themes/fablio/assets/chrisbracco-tooltip/chrisbracco-tooltip.min84fc.css]
[themetechmount.com/wordpress/fablio/elementor/wp-content/themes/fablio/css/multi-columns-row84fc.css]
[themetechmount.com/wordpress/fablio/elementor/wp-content/plugins/elementor/assets/lib/font-awesome/css/font-awesome.min1849.css]
[themetechmount.com/wordpress/fablio/elementor/feed/index.html]
[themetechmount.com/wordpress/fablio/elementor/wp-content/themes/fablio/assets/select2/select2.min84fc.css]
[themetechmount.com/wordpress/fablio/elementor/wp-content/themes/fablio/assets/flexslider/flexslider84fc.css]
[themetechmount.com/wordpress/fablio/elementor/wp-content/themes/fablio/assets/tm-fablio-icons/css/tm-fablio-icons84fc.css]
[themetechmount.com/wordpress/fablio/elementor/wp-content/themes/fablio/assets/slick/slick84fc.css]
[themetechmount.com/wordpress/fablio/elementor/wp-content/themes/fablio/assets/slick/slick-theme84fc.css]
[themetechmount.com/wordpress/fablio/elementor/wp-content/themes/fablio/assets/prettyphoto/css/prettyPhoto84fc.css]
[themetechmount.com/wordpress/fablio/elementor/wp-content/plugins/elementor/assets/lib/eicons/css/elementor-icons.mine900.css]
[themetechmount.com/wordpress/fablio/elementor/wp-content/uploads/sites/13/elementor/css/post-257440f2.css]
[themetechmount.com/wordpress/fablio/elementor/wp-content/uploads/sites/13/elementor/css/post-1908bc56.css]
[themetechmount.com/wordpress/fablio/elementor/wp-content/plugins/elementor/assets/css/frontend-lite.min10cb.css]
[themetechmount.com/wordpress/fablio/elementor/wp-content/themes/fablio/css/bootstrap.min84fc.css]
[themetechmount.com/wordpress/fablio/elementor/wp-content/themes/fablio/css/bootstrap-theme.min84fc.css]
[themetechmount.com/wordpress/fablio/elementor/wp-content/plugins/js_composer/assets/css/js_composer_tta.min84fc.css]
[themetechmount.com/wordpress/fablio/elementor/wp-content/themes/fablio/assets/themify-icons/themify-icons84fc.css]
[themetechmount.com/wordpress/fablio/elementor/wp-content/themes/fablio/css/base84fc.css]
[themetechmount.com/wordpress/fablio/wp-content/uploads/2021/03/titlebar-bg-1.jpg]
[themetechmount.com/wordpress/fablio/elementor/wp-content/themes/fablio/css/responsive84fc.css]
[themetechmount.com/wordpress/fablio/elementor/wp-content/plugins/elementor/assets/lib/font-awesome/css/fontawesome.min52d5.css]
[themetechmount.com/wordpress/fablio/elementor/wp-content/plugins/elementor/assets/lib/font-awesome/css/solid.min52d5.css]
[themetechmount.com/wordpress/fablio/elementor/wp-includes/js/jquery/jquery.minf43b.js]
[themetechmount.com/wordpress/fablio/elementor/wp-includes/js/jquery/jquery-migrate.min5589.js]
[themetechmount.com/wordpress/fablio/elementor/wp-content/plugins/themetechmount-fablio-extras/js/jquery-resize.min84fc.js]
[themetechmount.com/wordpress/fablio/elementor/wp-json/index.html]
[themetechmount.com/wordpress/fablio/elementor/wp-json/wp/v2/pages/1908.json]
[themetechmount.com/wordpress/fablio/elementor/wp-content/themes/fablio/css/main84fc.css]
[themetechmount.com/wordpress/fablio/elementor/xmlrpc0db0.php]
[themetechmount.com/wordpress/fablio/elementor/wp-json/oembed/1.0/embed6fa9.json]
[themetechmount.com/wordpress/fablio/elementor/wp-json/oembed/1.0/embed1cd6]
[themetechmount.com/wordpress/fablio/elementor/wp-content/uploads/sites/13/2021/03/cropped-favicon-1-150x150.png]
[themetechmount.com/wordpress/fablio/elementor/wp-content/uploads/sites/13/2021/03/cropped-favicon-1-300x300.png]
[themetechmount.com/wordpress/fablio/elementor/wp-content/plugins/revslider/public/assets/assets/dummy.png]
[themetechmount.com/wordpress/fablio/elementor/wp-content/uploads/sites/13/2021/03/image-one.jpg]
[themetechmount.com/wordpress/fablio/elementor/home2/index.html]
[themetechmount.com/wordpress/fablio/elementor/about1/index.html]
[themetechmount.com/wordpress/fablio/elementor/home3/index.html]
[themetechmount.com/wordpress/fablio/elementor/about2/index.html]
[themetechmount.com/wordpress/fablio/elementor/wp-content/uploads/sites/13/2021/03/col-bg-007.jpg]
[themetechmount.com/wordpress/fablio/elementor/services-1/index.html]
[themetechmount.com/wordpress/fablio/elementor/services-2/index.html]
[themetechmount.com/wordpress/fablio/elementor/wp-content/uploads/sites/13/2021/02/4-min-768x512.jpg]
[themetechmount.com/wordpress/fablio/elementor/our-team/index.html]
[themetechmount.com/wordpress/fablio/elementor/team-member/elina-shaikh/index.html]
[themetechmount.com/wordpress/fablio/elementor/wp-content/uploads/sites/13/2021/02/3-min-768x512.jpg]
[themetechmount.com/wordpress/fablio/elementor/wp-content/uploads/sites/13/2021/02/11-min-768x512.jpg]
[themetechmount.com/wordpress/fablio/elementor/service/fabric-printing/index.html]
[themetechmount.com/wordpress/fablio/elementor/wp-content/uploads/sites/13/2021/02/5-min-768x512.jpg]
[themetechmount.com/wordpress/fablio/elementor/wp-content/uploads/sites/13/2021/02/testimonial-1-150x150.jpg]
[themetechmount.com/wordpress/fablio/elementor/service/fabric-dyeing/index.html]
[themetechmount.com/wordpress/fablio/elementor/service/engineering/index.html]
[themetechmount.com/wordpress/fablio/elementor/wp-content/uploads/sites/13/2021/03/team-8-150x150.jpg]
[themetechmount.com/wordpress/fablio/elementor/service/we-design-fabric-2/index.html]
[themetechmount.com/wordpress/fablio/elementor/wp-content/uploads/sites/13/2021/03/review-4-150x150.jpg]
[themetechmount.com/wordpress/fablio/elementor/service/we-design-fabric/index.html]
[themetechmount.com/wordpress/fablio/elementor/project-one/index.html]
[themetechmount.com/wordpress/fablio/elementor/wp-content/uploads/sites/13/2021/02/5-min-600x430.jpg]
[themetechmount.com/wordpress/fablio/elementor/project-two/index.html]
[themetechmount.com/wordpress/fablio/elementor/wp-content/uploads/sites/13/2021/02/7-min-600x430.jpg]
[themetechmount.com/wordpress/fablio/elementor/blog/index.html]
[themetechmount.com/wordpress/fablio/elementor/wp-content/uploads/sites/13/2021/02/9-min-600x430.jpg]
[themetechmount.com/wordpress/fablio/elementor/portfolio/linen-fabric/index.html]
[themetechmount.com/wordpress/fablio/elementor/service/manufacture/index.html]
[themetechmount.com/wordpress/fablio/elementor/wp-content/uploads/sites/13/2021/02/4-min-600x430.jpg]
[themetechmount.com/wordpress/fablio/elementor/blog-grid/index.html]
[themetechmount.com/wordpress/fablio/elementor/2021/03/18/nonwovens-industry-magazine/index.html]
[themetechmount.com/wordpress/fablio/elementor/wp-content/uploads/sites/13/2021/02/client-5.png]
[themetechmount.com/wordpress/fablio/elementor/author/admin/index.html]
[themetechmount.com/wordpress/fablio/elementor/2021/02/28/one-stop-solution-for-textiles/index.html]
[themetechmount.com/wordpress/fablio/elementor/wp-content/uploads/sites/13/2021/02/client4.png]
[themetechmount.com/wordpress/fablio/elementor/wp-content/uploads/sites/13/2021/02/client3.png]
[themetechmount.com/wordpress/fablio/elementor/wp-content/uploads/sites/13/2021/02/client-2.png]
[themetechmount.com/wordpress/fablio/elementor/wp-content/uploads/sites/13/2021/02/client-1.png]
[themetechmount.com/wordpress/fablio/elementor/2021/02/15/textilegence-magazine-digital-platform/index.html]
[themetechmount.com/wordpress/fablio/elementor/wp-content/uploads/sites/13/2021/02/5-min-150x150.jpg]
[themetechmount.com/wordpress/fablio/elementor/wp-content/uploads/sites/13/2021/02/7-min-150x150.jpg]
[themetechmount.com/wordpress/fablio/elementor/wp-content/plugins/revslider/public/assets/css/rs6e8c6.css]
[themetechmount.com/wordpress/fablio/elementor/2021/02/11/contactless-payments-time-has-come/index.html]
[themetechmount.com/wordpress/fablio/elementor/wp-content/plugins/revslider/public/assets/js/rbtools.mine8c6.js]
[themetechmount.com/wordpress/fablio/elementor/wp-content/plugins/contact-form-7/includes/js/scripts9dff.js]
[themetechmount.com/wordpress/fablio/elementor/wp-content/themes/fablio/assets/perfect-scrollbar/perfect-scrollbar.jquery.min84fc.js]
[themetechmount.com/wordpress/fablio/elementor/wp-content/plugins/revslider/public/assets/js/rs6.mine8c6.js]
[themetechmount.com/wordpress/fablio/elementor/wp-content/themes/fablio/assets/select2/select2.min84fc.js]
[themetechmount.com/wordpress/fablio/elementor/wp-content/themes/fablio/assets/isotope/isotope.pkgd.min84fc.js]
[themetechmount.com/wordpress/fablio/elementor/wp-content/themes/fablio/assets/jquery-mousewheel/jquery.mousewheel.min84fc.js]
[themetechmount.com/wordpress/fablio/elementor/wp-content/themes/fablio/assets/flexslider/jquery.flexslider-min84fc.js]
[themetechmount.com/wordpress/fablio/elementor/wp-content/themes/fablio/assets/sticky-kit/jquery.sticky-kit.min84fc.js]
[themetechmount.com/wordpress/fablio/elementor/wp-content/themes/fablio/assets/slick/slick.min84fc.js]
[themetechmount.com/wordpress/fablio/elementor/wp-content/themes/fablio/assets/datecounter/timecircles84fc.js]
[themetechmount.com/wordpress/fablio/elementor/wp-content/themes/fablio/assets/prettyphoto/js/jquery.prettyPhoto84fc.js]
[themetechmount.com/wordpress/fablio/elementor/wp-content/themes/fablio/assets/waypoints/jquery.waypoints.min84fc.js]
[themetechmount.com/wordpress/fablio/elementor/contactus/index.html]
[themetechmount.com/wordpress/fablio/elementor/wp-content/themes/fablio/assets/numinate/numinate.min84fc.js]
[themetechmount.com/wordpress/fablio/elementor/wp-content/themes/fablio/assets/jquery-circle-progress/circle-progress.min84fc.js]
[themetechmount.com/wordpress/fablio/elementor/wp-content/themes/fablio/js/functions5152.js]
[themetechmount.com/wordpress/fablio/elementor/wp-content/plugins/mailchimp-for-wp/assets/js/forms.min7bcd.js]
[themetechmount.com/wordpress/fablio/elementor/wp-content/plugins/elementor/assets/js/webpack.runtime.min10cb.js]
[themetechmount.com/wordpress/fablio/elementor/wp-content/plugins/elementor/assets/js/frontend-modules.min10cb.js]
[themetechmount.com/wordpress/fablio/elementor/wp-content/plugins/elementor/assets/lib/waypoints/waypoints.min05da.js]
[themetechmount.com/wordpress/fablio/elementor/wp-includes/js/jquery/ui/core.min3f14.js]
[themetechmount.com/wordpress/fablio/elementor/index.html]
[themetechmount.com/wordpress/fablio/elementor/wp-content/plugins/elementor/assets/js/frontend.min10cb.js]
[themetechmount.com/wordpress/fablio/elementor/wp-content/themes/fablio/assets/themetechmount-fablio-extra-icons/font/Flaticon.eot]
[themetechmount.com/wordpress/fablio/elementor/wp-content/themes/fablio/assets/themetechmount-fablio-extra-icons/font/Flaticond41d.eot]
[themetechmount.com/wordpress/fablio/elementor/wp-content/themes/fablio/assets/themetechmount-fablio-extra-icons/font/Flaticon.woff2]
[themetechmount.com/wordpress/fablio/elementor/wp-content/themes/fablio/assets/themetechmount-fablio-extra-icons/font/Flaticon.woff]
[themetechmount.com/wordpress/fablio/elementor/wp-content/themes/fablio/assets/themetechmount-fablio-extra-icons/font/Flaticon.ttf]
[themetechmount.com/wordpress/fablio/elementor/wp-content/themes/fablio/assets/themetechmount-fablio-extra-icons/font/flaticon84fc.css]
[themetechmount.com/wordpress/fablio/elementor/wp-includes/css/dist/block-library/style.min84fc.css]
[themetechmount.com/wordpress/fablio/elementor/wp-content/plugins/contact-form-7/assets/ajax-loader.gif]
[themetechmount.com/wordpress/fablio/elementor/wp-content/plugins/contact-form-7/includes/css/styles9dff.css]
[themetechmount.com/wordpress/fablio/elementor/wp-content/plugins/elementor/assets/lib/font-awesome/fonts/fontawesome-webfont3e6e.eot]
[themetechmount.com/wordpress/fablio/elementor/wp-content/plugins/elementor/assets/lib/font-awesome/fonts/fontawesome-webfontd41d.eot]
[themetechmount.com/wordpress/fablio/elementor/wp-content/plugins/elementor/assets/lib/font-awesome/fonts/fontawesome-webfont3e6e.woff2]
[themetechmount.com/wordpress/fablio/elementor/wp-content/plugins/elementor/assets/lib/font-awesome/fonts/fontawesome-webfont3e6e.woff]
[themetechmount.com/wordpress/fablio/elementor/wp-content/plugins/elementor/assets/lib/font-awesome/fonts/fontawesome-webfont3e6e.ttf]
[themetechmount.com/wordpress/fablio/elementor/wp-content/plugins/elementor/assets/lib/font-awesome/css/font-awesome.min1849.css]
[themetechmount.com/wordpress/fablio/elementor/wp-content/themes/fablio/assets/perfect-scrollbar/perfect-scrollbar.min84fc.css]
[themetechmount.com/wordpress/fablio/elementor/wp-content/themes/fablio/assets/chrisbracco-tooltip/chrisbracco-tooltip.min84fc.css]
[themetechmount.com/wordpress/fablio/elementor/wp-content/themes/fablio/css/multi-columns-row84fc.css]
[themetechmount.com/wordpress/fablio/elementor/wp-content/themes/fablio/assets/select2/select2.min84fc.css]
[themetechmount.com/wordpress/fablio/elementor/wp-content/themes/fablio/assets/flexslider/fonts/flexslider-icon.eot]
[themetechmount.com/wordpress/fablio/elementor/wp-content/themes/fablio/assets/flexslider/fonts/flexslider-icond41d.eot]
[themetechmount.com/wordpress/fablio/elementor/wp-content/themes/fablio/assets/flexslider/fonts/flexslider-icon.woff]
[themetechmount.com/wordpress/fablio/elementor/wp-content/themes/fablio/assets/flexslider/fonts/flexslider-icon.ttf]
[themetechmount.com/wordpress/fablio/elementor/wp-content/themes/fablio/assets/flexslider/flexslider84fc.css]
[themetechmount.com/wordpress/fablio/elementor/wp-content/themes/fablio/assets/tm-fablio-icons/font/tm-fablio-iconsf9a8.eot]
[themetechmount.com/wordpress/fablio/elementor/wp-content/themes/fablio/assets/tm-fablio-icons/font/tm-fablio-iconsf9a8.woff2]
[themetechmount.com/wordpress/fablio/elementor/wp-content/themes/fablio/assets/tm-fablio-icons/font/tm-fablio-iconsf9a8.woff]
[themetechmount.com/wordpress/fablio/elementor/wp-content/themes/fablio/assets/tm-fablio-icons/font/tm-fablio-iconsf9a8.ttf]
[themetechmount.com/wordpress/fablio/elementor/wp-content/themes/fablio/assets/tm-fablio-icons/css/tm-fablio-icons84fc.css]
[themetechmount.com/wordpress/fablio/elementor/wp-content/themes/fablio/assets/slick/slick84fc.css]
[themetechmount.com/wordpress/fablio/elementor/wp-content/themes/fablio/assets/slick/ajax-loader.gif]
[themetechmount.com/wordpress/fablio/elementor/wp-content/themes/fablio/assets/slick/fonts/slick.eot]
[themetechmount.com/wordpress/fablio/elementor/wp-content/themes/fablio/assets/slick/fonts/slickd41d.eot]
[themetechmount.com/wordpress/fablio/elementor/wp-content/themes/fablio/assets/slick/fonts/slick.woff]
[themetechmount.com/wordpress/fablio/elementor/wp-content/themes/fablio/assets/slick/fonts/slick.ttf]
[themetechmount.com/wordpress/fablio/elementor/wp-content/themes/fablio/assets/slick/slick-theme84fc.css]
[themetechmount.com/wordpress/fablio/elementor/wp-content/themes/fablio/assets/prettyphoto/images/prettyPhoto/default/sprite.png]
[themetechmount.com/wordpress/fablio/elementor/wp-content/themes/fablio/assets/prettyphoto/images/prettyPhoto/default/sprite_x.png]
[themetechmount.com/wordpress/fablio/elementor/wp-content/themes/fablio/assets/prettyphoto/images/prettyPhoto/default/sprite_y.png]
[themetechmount.com/wordpress/fablio/elementor/wp-content/themes/fablio/assets/prettyphoto/images/prettyPhoto/default/sprite_next.png]
[themetechmount.com/wordpress/fablio/elementor/wp-content/themes/fablio/assets/prettyphoto/images/prettyPhoto/default/sprite_prev.png]
[themetechmount.com/wordpress/fablio/elementor/wp-content/themes/fablio/assets/prettyphoto/images/prettyPhoto/default/default_thumb.png]
[themetechmount.com/wordpress/fablio/elementor/wp-content/themes/fablio/assets/prettyphoto/images/prettyPhoto/default/loader.gif]
[themetechmount.com/wordpress/fablio/elementor/wp-content/themes/fablio/assets/prettyphoto/images/prettyPhoto/light_rounded/sprite.png]
[themetechmount.com/wordpress/fablio/elementor/wp-content/themes/fablio/assets/prettyphoto/images/prettyPhoto/light_rounded/btnNext.png]
[themetechmount.com/wordpress/fablio/elementor/wp-content/themes/fablio/assets/prettyphoto/images/prettyPhoto/light_rounded/btnPrevious.png]
[themetechmount.com/wordpress/fablio/elementor/wp-content/themes/fablio/assets/prettyphoto/images/prettyPhoto/dark_rounded/sprite.png]
[themetechmount.com/wordpress/fablio/elementor/wp-content/themes/fablio/assets/prettyphoto/images/prettyPhoto/dark_rounded/contentPattern.png]
[themetechmount.com/wordpress/fablio/elementor/wp-content/themes/fablio/assets/prettyphoto/images/prettyPhoto/dark_rounded/btnNext.png]
[themetechmount.com/wordpress/fablio/elementor/wp-content/themes/fablio/assets/prettyphoto/images/prettyPhoto/dark_rounded/btnPrevious.png]
[themetechmount.com/wordpress/fablio/elementor/wp-content/themes/fablio/assets/prettyphoto/images/prettyPhoto/dark_rounded/loader.gif]
[themetechmount.com/wordpress/fablio/elementor/wp-content/themes/fablio/assets/prettyphoto/images/prettyPhoto/dark_square/loader.gif]
[themetechmount.com/wordpress/fablio/elementor/wp-content/themes/fablio/assets/prettyphoto/images/prettyPhoto/dark_square/sprite.png]
[themetechmount.com/wordpress/fablio/elementor/wp-content/themes/fablio/assets/prettyphoto/images/prettyPhoto/dark_square/btnNext.png]
[themetechmount.com/wordpress/fablio/elementor/wp-content/themes/fablio/assets/prettyphoto/images/prettyPhoto/dark_square/btnPrevious.png]
[themetechmount.com/wordpress/fablio/elementor/wp-content/themes/fablio/assets/prettyphoto/images/prettyPhoto/light_square/sprite.png]
[themetechmount.com/wordpress/fablio/elementor/wp-content/themes/fablio/assets/prettyphoto/images/prettyPhoto/light_square/btnNext.png]
[themetechmount.com/wordpress/fablio/elementor/wp-content/themes/fablio/assets/prettyphoto/images/prettyPhoto/light_square/btnPrevious.png]
[themetechmount.com/wordpress/fablio/elementor/wp-content/themes/fablio/assets/prettyphoto/images/prettyPhoto/facebook/sprite.png]
[themetechmount.com/wordpress/fablio/elementor/wp-content/themes/fablio/assets/prettyphoto/images/prettyPhoto/facebook/contentPatternTop.png]
[themetechmount.com/wordpress/fablio/elementor/wp-content/themes/fablio/assets/prettyphoto/images/prettyPhoto/facebook/contentPatternLeft.png]
[themetechmount.com/wordpress/fablio/elementor/wp-content/themes/fablio/assets/prettyphoto/images/prettyPhoto/facebook/contentPatternRight.png]
[themetechmount.com/wordpress/fablio/elementor/wp-content/themes/fablio/assets/prettyphoto/images/prettyPhoto/facebook/loader.gif]
[themetechmount.com/wordpress/fablio/elementor/wp-content/themes/fablio/assets/prettyphoto/images/prettyPhoto/facebook/btnNext.png]
[themetechmount.com/wordpress/fablio/elementor/wp-content/themes/fablio/assets/prettyphoto/images/prettyPhoto/facebook/btnPrevious.png]
[themetechmount.com/wordpress/fablio/elementor/wp-content/themes/fablio/assets/prettyphoto/images/prettyPhoto/facebook/contentPatternBottom.png]
[themetechmount.com/wordpress/fablio/elementor/wp-content/themes/fablio/assets/prettyphoto/images/prettyPhoto/facebook/default_thumbnail.gif]
[themetechmount.com/wordpress/fablio/elementor/wp-content/themes/fablio/assets/prettyphoto/images/prettyPhoto/light_rounded/loader.gif]
[themetechmount.com/wordpress/fablio/elementor/wp-content/themes/fablio/assets/prettyphoto/css/prettyPhoto84fc.css]
[themetechmount.com/wordpress/fablio/elementor/wp-content/plugins/elementor/assets/lib/eicons/fonts/eiconsdc2c.eot]
[themetechmount.com/wordpress/fablio/elementor/wp-content/plugins/elementor/assets/lib/eicons/fonts/eiconsdc2c.woff2]
[themetechmount.com/wordpress/fablio/elementor/wp-content/plugins/elementor/assets/lib/eicons/fonts/eiconsdc2c.woff]
[themetechmount.com/wordpress/fablio/elementor/wp-content/plugins/elementor/assets/lib/eicons/fonts/eiconsdc2c.ttf]
[themetechmount.com/wordpress/fablio/elementor/wp-content/plugins/elementor/assets/lib/eicons/css/elementor-icons.mine900.css]
[themetechmount.com/wordpress/fablio/elementor/wp-content/plugins/elementor/assets/css/frontend-lite.min10cb.css]
[themetechmount.com/wordpress/fablio/elementor/wp-content/uploads/sites/13/elementor/css/post-257440f2.css]
[themetechmount.com/wordpress/fablio/elementor/wp-content/uploads/sites/13/2021/03/row-bg-008.jpg]
[themetechmount.com/wordpress/fablio/elementor/wp-content/uploads/sites/13/2021/03/row-bg-011.jpg]
[themetechmount.com/wordpress/fablio/elementor/wp-content/uploads/sites/13/2021/03/row-bg-014.jpg]
[themetechmount.com/wordpress/fablio/elementor/wp-content/uploads/sites/13/2021/03/review-bg-2.jpg]
[themetechmount.com/wordpress/fablio/elementor/wp-content/uploads/sites/13/elementor/css/post-1908bc56.css]
[themetechmount.com/wordpress/fablio/elementor/wp-content/themes/fablio/css/bootstrap.min84fc.css]
[themetechmount.com/wordpress/fablio/elementor/wp-content/themes/fablio/css/bootstrap-theme.min84fc.css]
[themetechmount.com/wordpress/fablio/elementor/wp-content/plugins/js_composer/assets/css/js_composer_tta.min84fc.css]
[themetechmount.com/wordpress/fablio/elementor/wp-content/themes/fablio/assets/themify-icons/fonts/themify9f24.eot]
[themetechmount.com/wordpress/fablio/elementor/wp-content/themes/fablio/assets/themify-icons/fonts/themifyd41d.eot]
[themetechmount.com/wordpress/fablio/elementor/wp-content/themes/fablio/assets/themify-icons/fonts/themify9f24.woff]
[themetechmount.com/wordpress/fablio/elementor/wp-content/themes/fablio/assets/themify-icons/fonts/themify9f24.ttf]
[themetechmount.com/wordpress/fablio/elementor/wp-content/themes/fablio/assets/themify-icons/themify-icons84fc.css]
[themetechmount.com/wordpress/fablio/elementor/wp-content/themes/fablio/css/base84fc.css]
[themetechmount.com/wordpress/fablio/elementor/wp-content/themes/fablio/images/close.png]
[themetechmount.com/wordpress/fablio/elementor/wp-content/themes/fablio/images/findicon.png]
[themetechmount.com/wordpress/fablio/elementor/wp-content/themes/fablio/images/findicon-white.png]
[themetechmount.com/wordpress/fablio/elementor/wp-content/themes/fablio/images/block-quote-single.png]
[themetechmount.com/wordpress/fablio/elementor/wp-content/themes/fablio/images/success.png]
[themetechmount.com/wordpress/fablio/elementor/wp-content/themes/fablio/images/textile_bg5.png]
[themetechmount.com/wordpress/fablio/elementor/wp-content/themes/fablio/images/info-right-arrow.png]
[themetechmount.com/wordpress/fablio/elementor/wp-content/themes/fablio/images/info-left-arrow.png]
[themetechmount.com/wordpress/fablio/elementor/wp-content/themes/fablio/images/quoteicon.png]
[themetechmount.com/wordpress/fablio/elementor/wp-content/themes/fablio/images/box-border-dark.png]
[themetechmount.com/wordpress/fablio/elementor/wp-content/themes/fablio/images/box-border-light.png]
[themetechmount.com/wordpress/fablio/elementor/wp-content/themes/fablio/images/textile_bg8.png]
[themetechmount.com/wordpress/fablio/elementor/wp-content/themes/fablio/images/service_detail.jpg]
[themetechmount.com/wordpress/fablio/elementor/wp-content/themes/fablio/images/img-pattern-bg1.png]
[themetechmount.com/wordpress/fablio/elementor/wp-content/themes/fablio/images/star1.png]
[themetechmount.com/wordpress/fablio/elementor/wp-content/themes/fablio/css/main84fc.css]
[themetechmount.com/wordpress/fablio/elementor/wp-content/themes/fablio/images/review-quote.png]
[themetechmount.com/wordpress/fablio/elementor/wp-content/themes/fablio/css/responsive84fc.css]
[themetechmount.com/wordpress/fablio/elementor/wp-content/themes/fablio/css/fablio-last-checkpoint.min84fc.css]
[themetechmount.com/wordpress/fablio/elementor/wp-content/plugins/elementor/assets/lib/font-awesome/css/fontawesome.min52d5.css]
[themetechmount.com/wordpress/fablio/elementor/wp-content/plugins/elementor/assets/lib/font-awesome/webfonts/fa-solid-900.eot]
[themetechmount.com/wordpress/fablio/elementor/wp-content/plugins/elementor/assets/lib/font-awesome/webfonts/fa-solid-900d41d.eot]
[themetechmount.com/wordpress/fablio/elementor/wp-content/plugins/elementor/assets/lib/font-awesome/webfonts/fa-solid-900.woff2]
[themetechmount.com/wordpress/fablio/elementor/wp-content/plugins/elementor/assets/lib/font-awesome/webfonts/fa-solid-900.woff]
[themetechmount.com/wordpress/fablio/elementor/wp-content/plugins/elementor/assets/lib/font-awesome/webfonts/fa-solid-900.ttf]
[themetechmount.com/wordpress/fablio/elementor/wp-content/plugins/elementor/assets/lib/font-awesome/css/solid.min52d5.css]
[themetechmount.com/wordpress/fablio/elementor/wp-admin/admin-ajax.html]
[themetechmount.com/wordpress/fablio/elementor/wp-content/uploads/sites/13/2021/02/textile2_img1.png]
[themetechmount.com/wordpress/fablio/elementor/wp-content/uploads/sites/13/elementor/css/post-31407fe.css]
[themetechmount.com/wordpress/fablio/elementor/wp-json/wp/v2/pages/314.json]
[themetechmount.com/wordpress/fablio/elementor/wp-json/oembed/1.0/embed7475.json]
[themetechmount.com/wordpress/fablio/elementor/wp-json/oembed/1.0/embedd79f]
[themetechmount.com/wordpress/fablio/elementor/wp-content/uploads/sites/13/2021/03/step-01.jpg]
[themetechmount.com/wordpress/fablio/elementor/wp-content/uploads/sites/13/2021/03/step-02.jpg]
[themetechmount.com/wordpress/fablio/elementor/wp-content/uploads/sites/13/2021/03/step-3.jpg]
[themetechmount.com/wordpress/fablio/elementor/wp-content/uploads/sites/13/2021/03/step-4.jpg]
[themetechmount.com/wordpress/fablio/elementor/wp-content/uploads/sites/13/2021/02/3-min-600x700.jpg]
[themetechmount.com/wordpress/fablio/elementor/wp-content/uploads/sites/13/2021/02/3-min.jpg]
[themetechmount.com/wordpress/fablio/elementor/wp-content/uploads/sites/13/2021/02/6-min-600x700.jpg]
[themetechmount.com/wordpress/fablio/elementor/wp-content/uploads/sites/13/2021/02/6-min.jpg]
[themetechmount.com/wordpress/fablio/elementor/wp-content/uploads/sites/13/2021/02/4-min-600x700.jpg]
[themetechmount.com/wordpress/fablio/elementor/wp-content/uploads/sites/13/2021/02/4-min.jpg]
[themetechmount.com/wordpress/fablio/elementor/portfolio/silk-fabric/index.html]
[themetechmount.com/wordpress/fablio/elementor/wp-content/uploads/sites/13/2021/02/1-min-600x700.jpg]
[themetechmount.com/wordpress/fablio/elementor/portfolio/wool-fabric/index.html]
[themetechmount.com/wordpress/fablio/elementor/wp-content/uploads/sites/13/2021/02/1-min.jpg]
[themetechmount.com/wordpress/fablio/elementor/portfolio/georgette-fabric/index.html]
[themetechmount.com/wordpress/fablio/elementor/wp-content/uploads/sites/13/2021/02/5-min-600x700.jpg]
[themetechmount.com/wordpress/fablio/elementor/wp-content/uploads/sites/13/2021/02/5-min.jpg]
[themetechmount.com/wordpress/fablio/elementor/portfolio/leather-material/index.html]
[themetechmount.com/wordpress/fablio/elementor/wp-content/uploads/sites/13/2021/03/single-fifth.jpg]
[themetechmount.com/wordpress/fablio/elementor/portfolio/cotton-fabric/index.html]
[themetechmount.com/wordpress/fablio/elementor/wp-content/uploads/sites/13/2021/02/11-min-600x430.jpg]
[themetechmount.com/wordpress/fablio/elementor/category/textile-world/index.html]
[themetechmount.com/wordpress/fablio/elementor/wp-content/uploads/sites/13/2021/02/13-min-600x430.jpg]
[themetechmount.com/wordpress/fablio/elementor/category/fashion-retail/index.html]
[themetechmount.com/wordpress/fablio/elementor/home2/index.html]
[themetechmount.com/wordpress/fablio/elementor/category/industry-insight/index.html]
[themetechmount.com/wordpress/fablio/elementor/category/news-analysis/index.html]
[themetechmount.com/wordpress/fablio/elementor/2021/03/09/the-story-of-a-silk-lends-cotton-like-comfort/index.html]
[themetechmount.com/wordpress/fablio/elementor/category/trade-business/index.html]
[themetechmount.com/wordpress/fablio/elementor/wp-content/uploads/sites/13/2021/02/textile3_img1.jpg]
[themetechmount.com/wordpress/fablio/elementor/category/traditional/index.html]
[themetechmount.com/wordpress/fablio/elementor/2021/03/07/the-curse-of-synthetic-fabrics/index.html]
[themetechmount.com/wordpress/fablio/elementor/wp-content/uploads/sites/13/elementor/css/post-467ba51.css]
[themetechmount.com/wordpress/fablio/elementor/wp-json/wp/v2/pages/467.json]
[themetechmount.com/wordpress/fablio/elementor/wp-json/oembed/1.0/embed73cf.json]
[themetechmount.com/wordpress/fablio/elementor/wp-json/oembed/1.0/embed3460]
[themetechmount.com/wordpress/fablio/elementor/wp-content/uploads/sites/13/2021/02/textile3_img2.jpg]
[themetechmount.com/wordpress/fablio/elementor/wp-content/uploads/sites/13/2021/02/13-min-768x512.jpg]
[themetechmount.com/wordpress/fablio/elementor/wp-content/uploads/sites/13/2021/02/6-min-768x512.jpg]
[themetechmount.com/wordpress/fablio/elementor/wp-content/uploads/sites/13/2021/02/testimonial-3-150x150.jpg]
[themetechmount.com/wordpress/fablio/elementor/wp-content/uploads/sites/13/2021/02/testimonial-2-150x150.jpg]
[themetechmount.com/wordpress/fablio/elementor/home3/index.html]
[themetechmount.com/wordpress/fablio/elementor/wp-content/uploads/sites/13/2021/03/about1_img1.jpg]
[themetechmount.com/wordpress/fablio/elementor/wp-content/uploads/sites/13/elementor/css/post-7202c3e.css]
[themetechmount.com/wordpress/fablio/elementor/wp-json/wp/v2/pages/720.json]
[themetechmount.com/wordpress/fablio/elementor/wp-json/oembed/1.0/embed083f.json]
[themetechmount.com/wordpress/fablio/elementor/wp-json/oembed/1.0/embed7ad3]
[themetechmount.com/wordpress/fablio/elementor/wp-content/uploads/sites/13/2021/03/teqm-2-450x500.jpg]
[themetechmount.com/wordpress/fablio/elementor/wp-content/uploads/sites/13/2021/03/team-4-450x500.jpg]
[themetechmount.com/wordpress/fablio/elementor/wp-content/uploads/sites/13/2021/03/team-3-450x500.jpg]
[themetechmount.com/wordpress/fablio/elementor/about1/index.html]
[themetechmount.com/wordpress/fablio/elementor/team-member/michal-wincent/index.html]
[themetechmount.com/wordpress/fablio/elementor/team-member/andrew-jackson/index.html]
[themetechmount.com/wordpress/fablio/elementor/wp-content/uploads/sites/13/2021/03/single-image-05.png]
[themetechmount.com/wordpress/fablio/elementor/wp-content/uploads/sites/13/elementor/css/post-7316669.css]
[themetechmount.com/wordpress/fablio/elementor/team-member/john-tyler/index.html]
[themetechmount.com/wordpress/fablio/elementor/wp-json/wp/v2/pages/731.json]
[themetechmount.com/wordpress/fablio/elementor/wp-json/oembed/1.0/embed1611.json]
[themetechmount.com/wordpress/fablio/elementor/wp-json/oembed/1.0/embed3b5b]
[themetechmount.com/wordpress/fablio/elementor/wp-content/uploads/sites/13/2021/03/author-quote.png]
[themetechmount.com/wordpress/fablio/elementor/about2/index.html]
[themetechmount.com/wordpress/fablio/elementor/wp-content/uploads/sites/13/elementor/css/post-74072a6.css]
[themetechmount.com/wordpress/fablio/elementor/wp-json/wp/v2/pages/740.json]
[themetechmount.com/wordpress/fablio/elementor/wp-json/oembed/1.0/embed10c7.json]
[themetechmount.com/wordpress/fablio/elementor/wp-json/oembed/1.0/embed8323]
[themetechmount.com/wordpress/fablio/elementor/services-1/index.html]
[themetechmount.com/wordpress/fablio/elementor/wp-content/uploads/sites/13/elementor/css/post-737806e.css]
[themetechmount.com/wordpress/fablio/elementor/wp-json/wp/v2/pages/737.json]
[themetechmount.com/wordpress/fablio/elementor/wp-json/oembed/1.0/embedf421.json]
[themetechmount.com/wordpress/fablio/elementor/wp-json/oembed/1.0/embeda342]
[themetechmount.com/wordpress/fablio/elementor/services-2/index.html]
[themetechmount.com/wordpress/fablio/elementor/wp-content/uploads/sites/13/2021/03/teqm-2.jpg]
[themetechmount.com/wordpress/fablio/elementor/wp-content/uploads/sites/13/elementor/css/post-897840c.css]
[themetechmount.com/wordpress/fablio/elementor/wp-json/wp/v2/pages/897.json]
[themetechmount.com/wordpress/fablio/elementor/wp-json/oembed/1.0/embed759e.json]
[themetechmount.com/wordpress/fablio/elementor/wp-json/oembed/1.0/embedde69]
[themetechmount.com/wordpress/fablio/elementor/wp-content/uploads/sites/13/2021/03/team-8-450x500.jpg]
[themetechmount.com/wordpress/fablio/elementor/wp-content/uploads/sites/13/2021/03/team-6-450x500.jpg]
[themetechmount.com/wordpress/fablio/elementor/wp-content/uploads/sites/13/2021/03/team-1-450x500.jpg]
[themetechmount.com/wordpress/fablio/elementor/our-team/index.html]
[themetechmount.com/wordpress/fablio/elementor/team-member/james-pamment/index.html]
[themetechmount.com/wordpress/fablio/elementor/wp-content/uploads/sites/13/2021/03/team-6.jpg]
[themetechmount.com/wordpress/fablio/elementor/wp-content/uploads/sites/13/elementor/css/post-748673e.css]
[themetechmount.com/wordpress/fablio/elementor/wp-json/oembed/1.0/embed54cd.json]
[themetechmount.com/wordpress/fablio/elementor/team-member/james-logan/index.html]
[themetechmount.com/wordpress/fablio/elementor/wp-json/oembed/1.0/embed8f2c]
[themetechmount.com/wordpress/fablio/elementor/team-member/elina-shaikh/index.html]
[themetechmount.com/wordpress/fablio/elementor/wp-content/uploads/sites/13/elementor/css/post-7530f1f.css]
[themetechmount.com/wordpress/fablio/elementor/wp-json/oembed/1.0/embed52e5.json]
[themetechmount.com/wordpress/fablio/elementor/wp-json/oembed/1.0/embeda430]
[themetechmount.com/wordpress/fablio/elementor/wp-content/uploads/sites/13/2021/02/4-min-1024x683.jpg]
[themetechmount.com/wordpress/fablio/elementor/wp-content/uploads/sites/13/2021/03/detail-3.jpg]
[themetechmount.com/wordpress/fablio/elementor/wp-content/uploads/sites/13/2021/03/detailed-4.jpg]
[themetechmount.com/wordpress/fablio/wp-content/uploads/2021/03/download-pdf.png]
[themetechmount.com/wordpress/fablio/elementor/service/fabric-printing/index.html]
[themetechmount.com/wordpress/fablio/elementor/wp-content/uploads/sites/13/elementor/css/post-7541d4a.css]
[themetechmount.com/wordpress/fablio/elementor/wp-json/oembed/1.0/embedbbc5.json]
[themetechmount.com/wordpress/fablio/elementor/wp-json/oembed/1.0/embed7ba3]
[themetechmount.com/wordpress/fablio/elementor/wp-content/uploads/sites/13/2021/02/13-min-1024x683.jpg]
[themetechmount.com/wordpress/fablio/elementor/wp-content/uploads/sites/13/2021/03/3-min-238x294-1.jpg]
[themetechmount.com/wordpress/fablio/elementor/wp-content/uploads/sites/13/2021/03/7-min-494x560-1.jpg]
[themetechmount.com/wordpress/fablio/elementor/service/fabric-dyeing/index.html]
[themetechmount.com/wordpress/fablio/elementor/wp-content/uploads/sites/13/2021/02/11-min.jpg]
[themetechmount.com/wordpress/fablio/elementor/wp-content/uploads/sites/13/elementor/css/post-1031f2a.css]
[themetechmount.com/wordpress/fablio/elementor/wp-json/oembed/1.0/embedcace.json]
[themetechmount.com/wordpress/fablio/elementor/wp-json/oembed/1.0/embed824d]
[themetechmount.com/wordpress/fablio/elementor/wp-content/uploads/sites/13/2021/02/6-min-1024x683.jpg]
[themetechmount.com/wordpress/fablio/elementor/service/engineering/index.html]
[themetechmount.com/wordpress/fablio/elementor/wp-content/uploads/sites/13/elementor/css/post-102dbc9.css]
[themetechmount.com/wordpress/fablio/elementor/wp-json/oembed/1.0/embed8bd3.json]
[themetechmount.com/wordpress/fablio/elementor/wp-json/oembed/1.0/embedbe18]
[themetechmount.com/wordpress/fablio/elementor/wp-content/uploads/sites/13/2021/02/3-min-1024x683.jpg]
[themetechmount.com/wordpress/fablio/elementor/service/manufacture/index.html]
[themetechmount.com/wordpress/fablio/elementor/wp-content/uploads/sites/13/2021/02/13-min.jpg]
[themetechmount.com/wordpress/fablio/elementor/wp-content/uploads/sites/13/elementor/css/post-1016192.css]
[themetechmount.com/wordpress/fablio/elementor/wp-json/oembed/1.0/embedb7dd.json]
[themetechmount.com/wordpress/fablio/elementor/wp-json/oembed/1.0/embed28f5]
[themetechmount.com/wordpress/fablio/elementor/wp-content/uploads/sites/13/2021/02/7-min-1024x683.jpg]
[themetechmount.com/wordpress/fablio/elementor/service/we-design-fabric-2/index.html]
[themetechmount.com/wordpress/fablio/elementor/wp-content/uploads/sites/13/elementor/css/post-96f6a5.css]
[themetechmount.com/wordpress/fablio/elementor/wp-json/oembed/1.0/embed9782.json]
[themetechmount.com/wordpress/fablio/elementor/wp-json/oembed/1.0/embede960]
[themetechmount.com/wordpress/fablio/elementor/service/we-design-fabric/index.html]
[themetechmount.com/wordpress/fablio/elementor/wp-content/uploads/sites/13/elementor/css/post-88437f5.css]
[themetechmount.com/wordpress/fablio/elementor/wp-json/wp/v2/pages/884.json]
[themetechmount.com/wordpress/fablio/elementor/wp-json/oembed/1.0/embed8edc.json]
[themetechmount.com/wordpress/fablio/elementor/wp-json/oembed/1.0/embed51a4]
[themetechmount.com/wordpress/fablio/elementor/project-one/index.html]
[themetechmount.com/wordpress/fablio/elementor/wp-content/uploads/sites/13/elementor/css/post-889ded0.css]
[themetechmount.com/wordpress/fablio/elementor/wp-json/wp/v2/pages/889.json]
[themetechmount.com/wordpress/fablio/elementor/wp-json/oembed/1.0/embedef53.json]
[themetechmount.com/wordpress/fablio/elementor/wp-json/oembed/1.0/embeda2a6]
[themetechmount.com/wordpress/fablio/elementor/wp-content/uploads/sites/13/2021/02/1-min-768x512.jpg]
[themetechmount.com/wordpress/fablio/elementor/project-two/index.html]
[themetechmount.com/wordpress/fablio/elementor/wp-content/uploads/sites/13/elementor/css/post-3879e86.css]
[themetechmount.com/wordpress/fablio/elementor/wp-json/oembed/1.0/embeda002.json]
[themetechmount.com/wordpress/fablio/elementor/wp-json/oembed/1.0/embed78bc]
[themetechmount.com/wordpress/fablio/elementor/portfolio/linen-fabric/index.html]
[themetechmount.com/wordpress/fablio/elementor/wp-content/uploads/sites/13/2021/02/5-min-1200x800.jpg]
[themetechmount.com/wordpress/fablio/elementor/wp-content/uploads/sites/13/2021/02/7-min-1200x800.jpg]
[themetechmount.com/wordpress/fablio/elementor/wp-content/uploads/sites/13/2021/02/9-min-1200x800.jpg]
[themetechmount.com/wordpress/fablio/elementor/wp-content/uploads/sites/13/2021/02/4-min-1200x800.jpg]
[themetechmount.com/wordpress/fablio/elementor/blog/page/2/index.html]
[themetechmount.com/wordpress/fablio/elementor/wp-content/uploads/sites/13/2021/02/11-min-1200x800.jpg]
[themetechmount.com/wordpress/fablio/elementor/wp-content/uploads/sites/13/2021/02/9-min-150x150.jpg]
[themetechmount.com/wordpress/fablio/elementor/blog/index.html]
[themetechmount.com/wordpress/fablio/elementor/wp-content/uploads/sites/13/elementor/css/post-1113545e.css]
[themetechmount.com/wordpress/fablio/elementor/tag/clothing/index.html]
[themetechmount.com/wordpress/fablio/elementor/tag/cotton/index.html]
[themetechmount.com/wordpress/fablio/elementor/wp-json/wp/v2/pages/1113.json]
[themetechmount.com/wordpress/fablio/elementor/tag/designer/index.html]
[themetechmount.com/wordpress/fablio/elementor/wp-json/oembed/1.0/embed65df.json]
[themetechmount.com/wordpress/fablio/elementor/tag/fashion/index.html]
[themetechmount.com/wordpress/fablio/elementor/tag/rayon/index.html]
[themetechmount.com/wordpress/fablio/elementor/tag/fabric/index.html]
[themetechmount.com/wordpress/fablio/elementor/wp-json/oembed/1.0/embede9d4]
[themetechmount.com/wordpress/fablio/elementor/blog-grid/index.html]
[themetechmount.com/wordpress/fablio/elementor/tag/embroidery/index.html]
[themetechmount.com/wordpress/fablio/elementor/tag/silk/index.html]
[themetechmount.com/wordpress/fablio/elementor/tag/textile/index.html]
[themetechmount.com/wordpress/fablio/elementor/2021/03/18/nonwovens-industry-magazine/feed/index.html]
[themetechmount.com/wordpress/fablio/elementor/wp-json/wp/v2/posts/140.json]
[themetechmount.com/wordpress/fablio/elementor/wp-json/oembed/1.0/embeddfe8.json]
[themetechmount.com/wordpress/fablio/elementor/wp-json/oembed/1.0/embedd953]
[themetechmount.com/wordpress/fablio/elementor/wp-content/uploads/sites/13/2021/03/block-details-img.jpg]
[themetechmount.com/wordpress/fablio/elementor/wp-includes/js/comment-reply.min84fc.js]
[themetechmount.com/wordpress/fablio/elementor/2021/03/18/nonwovens-industry-magazine/index.html]
[themetechmount.com/wordpress/fablio/elementor/wp-content/uploads/sites/13/elementor/css/post-8706c79.css]
[themetechmount.com/wordpress/fablio/elementor/wp-content/plugins/elementor/assets/lib/font-awesome/css/regular.min52d5.css]
[themetechmount.com/wordpress/fablio/elementor/wp-json/wp/v2/pages/870.json]
[themetechmount.com/wordpress/fablio/elementor/wp-json/oembed/1.0/embed16e9.json]
[themetechmount.com/wordpress/fablio/elementor/wp-json/oembed/1.0/embed5c19]
[themetechmount.com/wordpress/fablio/elementor/contactus/index.html]
[themetechmount.com/wordpress/fablio/elementor/author/admin/feed/index.html]
[themetechmount.com/wordpress/fablio/elementor/author/admin/index.html]
[themetechmount.com/wordpress/fablio/elementor/wp-content/uploads/sites/13/2021/02/7-min.jpg]
[themetechmount.com/wordpress/fablio/elementor/author/admin/page/2/index.html]
[themetechmount.com/wordpress/fablio/elementor/wp-json/wp/v2/posts/135.json]
[themetechmount.com/wordpress/fablio/elementor/2021/02/28/one-stop-solution-for-textiles/feed/index.html]
[themetechmount.com/wordpress/fablio/elementor/wp-json/oembed/1.0/embedef69.json]
[themetechmount.com/wordpress/fablio/elementor/wp-json/oembed/1.0/embed6ea4]
[themetechmount.com/wordpress/fablio/elementor/2021/02/28/one-stop-solution-for-textiles/index.html]
[themetechmount.com/wordpress/fablio/elementor/wp-content/uploads/sites/13/2021/02/9-min.jpg]
[themetechmount.com/wordpress/fablio/elementor/wp-json/wp/v2/posts/134.json]
[themetechmount.com/wordpress/fablio/elementor/2021/02/15/textilegence-magazine-digital-platform/feed/index.html]
[themetechmount.com/wordpress/fablio/elementor/wp-json/oembed/1.0/embedd818.json]
[themetechmount.com/wordpress/fablio/elementor/wp-json/oembed/1.0/embedd8d3]
[themetechmount.com/wordpress/fablio/elementor/2021/02/15/textilegence-magazine-digital-platform/index.html]
[themetechmount.com/wordpress/fablio/elementor/wp-json/wp/v2/posts/133.json]
[themetechmount.com/wordpress/fablio/elementor/2021/02/11/contactless-payments-time-has-come/feed/index.html]
[themetechmount.com/wordpress/fablio/elementor/wp-json/oembed/1.0/embed5f03.json]
[themetechmount.com/wordpress/fablio/elementor/wp-json/oembed/1.0/embed3978]
[themetechmount.com/wordpress/fablio/elementor/2021/02/11/contactless-payments-time-has-come/index.html]
[themetechmount.com/wordpress/fablio/elementor/wp-content/plugins/revslider/public/assets/fonts/revicons/revicons90c6.eot]
[themetechmount.com/wordpress/fablio/elementor/wp-content/plugins/revslider/public/assets/fonts/revicons/revicons90c6.woff]
[themetechmount.com/wordpress/fablio/elementor/wp-content/plugins/revslider/public/assets/fonts/revicons/revicons90c6.ttf]
[themetechmount.com/wordpress/fablio/elementor/wp-content/plugins/revslider/public/assets/assets/gridtile.png]
[themetechmount.com/wordpress/fablio/elementor/wp-content/plugins/revslider/public/assets/assets/gridtile_white.png]
[themetechmount.com/wordpress/fablio/elementor/wp-content/plugins/revslider/public/assets/assets/gridtile_3x3.png]
[themetechmount.com/wordpress/fablio/elementor/wp-content/plugins/revslider/public/assets/assets/gridtile_3x3_white.png]
[themetechmount.com/wordpress/fablio/elementor/wp-content/plugins/revslider/public/assets/assets/coloredbg.png]
[themetechmount.com/wordpress/fablio/elementor/wp-content/plugins/revslider/public/assets/assets/loader.gif]
[themetechmount.com/wordpress/fablio/elementor/wp-content/plugins/revslider/public/assets/css/rs6e8c6.css]
[themetechmount.com/wordpress/fablio/elementor/wp-content/themes/fablio/assets/themetechmount-fablio-extra-icons/font/Flaticon.svg]
[themetechmount.com/wordpress/fablio/elementor/wp-content/plugins/elementor/assets/lib/font-awesome/fonts/fontawesome-webfont3e6e.svg]
[themetechmount.com/wordpress/fablio/elementor/wp-content/themes/fablio/assets/flexslider/fonts/flexslider-icon.svg]
[themetechmount.com/wordpress/fablio/elementor/wp-content/themes/fablio/assets/tm-fablio-icons/font/tm-fablio-iconsf9a8.svg]
[themetechmount.com/wordpress/fablio/elementor/wp-content/themes/fablio/assets/slick/fonts/slick.svg]
[themetechmount.com/wordpress/fablio/elementor/wp-content/plugins/elementor/assets/lib/eicons/fonts/eiconsdc2c.svg]
[themetechmount.com/wordpress/fablio/elementor/wp-content/themes/fablio/assets/themify-icons/fonts/themify9f24.svg]
[themetechmount.com/wordpress/fablio/elementor/wp-content/themes/fablio/images/review-quote.svg]
[themetechmount.com/wordpress/fablio/elementor/wp-content/themes/fablio/images/menu-sep.svg]
[themetechmount.com/wordpress/fablio/elementor/wp-content/themes/fablio/images/menu-sprite.html]
[themetechmount.com/wordpress/fablio/elementor/wp-content/themes/fablio/images/image-arrow.svg]
[themetechmount.com/wordpress/fablio/elementor/wp-content/themes/fablio/images/highlight-word.svg]
[themetechmount.com/wordpress/fablio/elementor/wp-content/themes/fablio/images/straight-quotes.svg]
[themetechmount.com/wordpress/fablio/elementor/wp-content/themes/fablio/images/left-quote.svg]
[themetechmount.com/wordpress/fablio/elementor/wp-content/themes/fablio/images/quote.svg]
[themetechmount.com/wordpress/fablio/elementor/wp-content/plugins/elementor/assets/lib/font-awesome/webfonts/fa-solid-900.svg]
[themetechmount.com/wordpress/fablio/elementor/wp-content/uploads/sites/13/2021/02/Untitled-2.png]
[themetechmount.com/wordpress/fablio/elementor/wp-content/uploads/sites/13/2021/02/textile2_bg4.jpg]
[themetechmount.com/wordpress/fablio/elementor/wp-content/uploads/sites/13/elementor/css/post-31407fe.css]
[themetechmount.com/wordpress/fablio/elementor/index1031.html]
[themetechmount.com/wordpress/fablio/elementor/wp-content/uploads/sites/13/elementor/css/post-7582d4e.css]
[themetechmount.com/wordpress/fablio/elementor/wp-json/oembed/1.0/embed8952.json]
[themetechmount.com/wordpress/fablio/elementor/wp-json/oembed/1.0/embedba7e]
[themetechmount.com/wordpress/fablio/elementor/portfolio/silk-fabric/index.html]
[themetechmount.com/wordpress/fablio/elementor/wp-content/uploads/sites/13/elementor/css/post-386a1b6.css]
[themetechmount.com/wordpress/fablio/elementor/wp-json/oembed/1.0/embed75d0.json]
[themetechmount.com/wordpress/fablio/elementor/wp-json/oembed/1.0/embedef4d]
[themetechmount.com/wordpress/fablio/elementor/portfolio/wool-fabric/index.html]
[themetechmount.com/wordpress/fablio/elementor/wp-content/uploads/sites/13/elementor/css/post-383e251.css]
[themetechmount.com/wordpress/fablio/elementor/wp-json/oembed/1.0/embed9d2f.json]
[themetechmount.com/wordpress/fablio/elementor/wp-json/oembed/1.0/embed348b]
[themetechmount.com/wordpress/fablio/elementor/portfolio/georgette-fabric/index.html]
[themetechmount.com/wordpress/fablio/elementor/wp-content/uploads/sites/13/elementor/css/post-385a34d.css]
[themetechmount.com/wordpress/fablio/elementor/wp-json/oembed/1.0/embedf632.json]
[themetechmount.com/wordpress/fablio/elementor/wp-json/oembed/1.0/embed2baf]
[themetechmount.com/wordpress/fablio/elementor/portfolio/leather-material/index.html]
[themetechmount.com/wordpress/fablio/elementor/wp-content/uploads/sites/13/elementor/css/post-757a34d.css]
[themetechmount.com/wordpress/fablio/elementor/wp-json/oembed/1.0/embedc5c3.json]
[themetechmount.com/wordpress/fablio/elementor/wp-json/oembed/1.0/embed3a97]
[themetechmount.com/wordpress/fablio/elementor/portfolio/cotton-fabric/index.html]
[themetechmount.com/wordpress/fablio/elementor/category/textile-world/feed/index.html]
[themetechmount.com/wordpress/fablio/elementor/wp-json/wp/v2/categories/7.json]
[themetechmount.com/wordpress/fablio/elementor/category/textile-world/index.html]
[themetechmount.com/wordpress/fablio/elementor/category/fashion-retail/feed/index.html]
[themetechmount.com/wordpress/fablio/elementor/wp-json/wp/v2/categories/4.json]
[themetechmount.com/wordpress/fablio/elementor/category/fashion-retail/index.html]
[themetechmount.com/wordpress/fablio/elementor/wp-json/wp/v2/categories/5.json]
[themetechmount.com/wordpress/fablio/elementor/category/industry-insight/index.html]
[themetechmount.com/wordpress/fablio/elementor/category/industry-insight/feed/index.html]
[themetechmount.com/wordpress/fablio/elementor/category/news-analysis/feed/index.html]
[themetechmount.com/wordpress/fablio/elementor/wp-json/wp/v2/categories/6.json]
[themetechmount.com/wordpress/fablio/elementor/category/news-analysis/index.html]
[themetechmount.com/wordpress/fablio/elementor/wp-json/wp/v2/posts/1022.json]
[themetechmount.com/wordpress/fablio/elementor/2021/03/09/the-story-of-a-silk-lends-cotton-like-comfort/feed/index.html]
[themetechmount.com/wordpress/fablio/elementor/wp-json/oembed/1.0/embedfc72.json]
[themetechmount.com/wordpress/fablio/elementor/wp-json/oembed/1.0/embedb29c]
[themetechmount.com/wordpress/fablio/elementor/2021/03/09/the-story-of-a-silk-lends-cotton-like-comfort/index.html]
[themetechmount.com/wordpress/fablio/elementor/category/trade-business/feed/index.html]
[themetechmount.com/wordpress/fablio/elementor/wp-json/wp/v2/categories/8.json]
[themetechmount.com/wordpress/fablio/elementor/category/trade-business/index.html]
[themetechmount.com/wordpress/fablio/elementor/wp-json/wp/v2/posts/1020.json]
[themetechmount.com/wordpress/fablio/elementor/2021/03/07/the-curse-of-synthetic-fabrics/feed/index.html]
[themetechmount.com/wordpress/fablio/elementor/wp-json/oembed/1.0/embed6323.json]
[themetechmount.com/wordpress/fablio/elementor/wp-json/oembed/1.0/embed07e4]
[themetechmount.com/wordpress/fablio/elementor/2021/03/07/the-curse-of-synthetic-fabrics/index.html]
[themetechmount.com/wordpress/fablio/elementor/category/traditional/feed/index.html]
[themetechmount.com/wordpress/fablio/elementor/wp-json/wp/v2/categories/9.json]
[themetechmount.com/wordpress/fablio/elementor/wp-content/uploads/sites/13/2021/02/13-min-1200x800.jpg]
[themetechmount.com/wordpress/fablio/elementor/category/traditional/index.html]
[themetechmount.com/wordpress/fablio/elementor/wp-content/uploads/sites/13/2021/02/textile3_img3.jpg]
[themetechmount.com/wordpress/fablio/elementor/wp-content/uploads/sites/13/2021/02/home2_bg4.jpg]
[themetechmount.com/wordpress/fablio/elementor/wp-content/uploads/sites/13/2021/03/col-bg-07.jpg]
[themetechmount.com/wordpress/fablio/elementor/wp-content/uploads/sites/13/2021/02/textile3_bg1.png]
[themetechmount.com/wordpress/fablio/elementor/wp-content/uploads/sites/13/elementor/css/post-467ba51.css]
[themetechmount.com/wordpress/fablio/elementor/index7ab1.html]
[themetechmount.com/wordpress/fablio/elementor/wp-content/uploads/sites/13/2021/03/col-bg-005.jpg]
[themetechmount.com/wordpress/fablio/elementor/wp-content/uploads/sites/13/elementor/css/post-7202c3e.css]
[themetechmount.com/wordpress/fablio/elementor/index7f9a.html]
[themetechmount.com/wordpress/fablio/elementor/wp-content/uploads/sites/13/elementor/css/post-903ae2a.css]
[themetechmount.com/wordpress/fablio/elementor/wp-json/oembed/1.0/embed217d.json]
[themetechmount.com/wordpress/fablio/elementor/wp-json/oembed/1.0/embed13e0]
[themetechmount.com/wordpress/fablio/elementor/team-member/michal-wincent/index.html]
[themetechmount.com/wordpress/fablio/elementor/wp-content/uploads/sites/13/2021/03/team-4.jpg]
[themetechmount.com/wordpress/fablio/elementor/wp-content/uploads/sites/13/elementor/css/post-902f2ee.css]
[themetechmount.com/wordpress/fablio/elementor/wp-json/oembed/1.0/embeded13.json]
[themetechmount.com/wordpress/fablio/elementor/wp-json/oembed/1.0/embed7e10]
[themetechmount.com/wordpress/fablio/elementor/team-member/andrew-jackson/index.html]
[themetechmount.com/wordpress/fablio/elementor/wp-content/uploads/sites/13/2021/03/team-3.jpg]
[themetechmount.com/wordpress/fablio/elementor/wp-content/uploads/sites/13/elementor/css/post-901e3c7.css]
[themetechmount.com/wordpress/fablio/elementor/wp-json/oembed/1.0/embedbeaf.json]
[themetechmount.com/wordpress/fablio/elementor/wp-json/oembed/1.0/embedff88]
[themetechmount.com/wordpress/fablio/elementor/team-member/john-tyler/index.html]
[themetechmount.com/wordpress/fablio/elementor/wp-content/uploads/sites/13/2021/03/row-bg-11.jpg]
[themetechmount.com/wordpress/fablio/elementor/wp-content/uploads/sites/13/2021/03/testimonial_bg.png]
[themetechmount.com/wordpress/fablio/elementor/wp-content/uploads/sites/13/elementor/css/post-7316669.css]
[themetechmount.com/wordpress/fablio/elementor/index78eb.html]
[themetechmount.com/wordpress/fablio/elementor/wp-content/uploads/sites/13/elementor/css/post-74072a6.css]
[themetechmount.com/wordpress/fablio/elementor/index8da8.html]
[themetechmount.com/wordpress/fablio/elementor/wp-content/uploads/sites/13/elementor/css/post-737806e.css]
[themetechmount.com/wordpress/fablio/elementor/indexc2fc.html]
[themetechmount.com/wordpress/fablio/elementor/wp-content/uploads/sites/13/elementor/css/post-897840c.css]
[themetechmount.com/wordpress/fablio/elementor/index2cc4.html]
[themetechmount.com/wordpress/fablio/elementor/wp-content/uploads/sites/13/2021/03/team-8.jpg]
[themetechmount.com/wordpress/fablio/elementor/wp-content/uploads/sites/13/elementor/css/post-74625e6.css]
[themetechmount.com/wordpress/fablio/elementor/wp-json/oembed/1.0/embed5bbc.json]
[themetechmount.com/wordpress/fablio/elementor/wp-json/oembed/1.0/embed21ad]
[themetechmount.com/wordpress/fablio/elementor/team-member/james-pamment/index.html]
[themetechmount.com/wordpress/fablio/elementor/wp-content/uploads/sites/13/2021/03/team-1.jpg]
[themetechmount.com/wordpress/fablio/elementor/wp-content/uploads/sites/13/elementor/css/post-74750a1.css]
[themetechmount.com/wordpress/fablio/elementor/wp-json/oembed/1.0/embed5c7d.json]
[themetechmount.com/wordpress/fablio/elementor/wp-json/oembed/1.0/embedf684]
[themetechmount.com/wordpress/fablio/elementor/team-member/james-logan/index.html]
[themetechmount.com/wordpress/fablio/elementor/wp-content/uploads/sites/13/elementor/css/post-748673e.css]
[themetechmount.com/wordpress/fablio/elementor/indexa8fe.html]
[themetechmount.com/wordpress/fablio/elementor/wp-content/uploads/sites/13/elementor/css/post-7530f1f.css]
[themetechmount.com/wordpress/fablio/elementor/indexf31a.html]
[themetechmount.com/wordpress/fablio/elementor/wp-content/uploads/sites/13/elementor/css/post-7541d4a.css]
[themetechmount.com/wordpress/fablio/elementor/index62bc.html]
[themetechmount.com/wordpress/fablio/elementor/wp-content/uploads/sites/13/elementor/css/post-1031f2a.css]
[themetechmount.com/wordpress/fablio/elementor/indexe6f0.html]
[themetechmount.com/wordpress/fablio/elementor/wp-content/uploads/sites/13/elementor/css/post-102dbc9.css]
[themetechmount.com/wordpress/fablio/elementor/indexc5eb.html]
[themetechmount.com/wordpress/fablio/elementor/wp-content/uploads/sites/13/elementor/css/post-1016192.css]
[themetechmount.com/wordpress/fablio/elementor/index198a.html]
[themetechmount.com/wordpress/fablio/elementor/wp-content/uploads/sites/13/elementor/css/post-96f6a5.css]
[themetechmount.com/wordpress/fablio/elementor/index6f72.html]
[themetechmount.com/wordpress/fablio/elementor/wp-content/uploads/sites/13/elementor/css/post-88437f5.css]
[themetechmount.com/wordpress/fablio/elementor/index470a.html]
[themetechmount.com/wordpress/fablio/elementor/wp-content/uploads/sites/13/elementor/css/post-889ded0.css]
[themetechmount.com/wordpress/fablio/elementor/indexf45d.html]
[themetechmount.com/wordpress/fablio/elementor/wp-content/uploads/sites/13/elementor/css/post-3879e86.css]
[themetechmount.com/wordpress/fablio/elementor/index1caa.html]
[themetechmount.com/wordpress/fablio/elementor/blog/page/2/index.html]
[themetechmount.com/wordpress/fablio/elementor/wp-json/wp/v2/tags/10.json]
[themetechmount.com/wordpress/fablio/elementor/tag/clothing/index.html]
[themetechmount.com/wordpress/fablio/elementor/tag/clothing/feed/index.html]
[themetechmount.com/wordpress/fablio/elementor/wp-json/wp/v2/tags/11.json]
[themetechmount.com/wordpress/fablio/elementor/tag/cotton/index.html]
[themetechmount.com/wordpress/fablio/elementor/tag/cotton/feed/index.html]
[themetechmount.com/wordpress/fablio/elementor/wp-json/wp/v2/tags/12.json]
[themetechmount.com/wordpress/fablio/elementor/tag/designer/index.html]
[themetechmount.com/wordpress/fablio/elementor/tag/designer/feed/index.html]
[themetechmount.com/wordpress/fablio/elementor/tag/embroidery/feed/index.html]
[themetechmount.com/wordpress/fablio/elementor/wp-json/wp/v2/tags/13.json]
[themetechmount.com/wordpress/fablio/elementor/tag/embroidery/index.html]
[themetechmount.com/wordpress/fablio/elementor/tag/fabric/feed/index.html]
[themetechmount.com/wordpress/fablio/elementor/wp-json/wp/v2/tags/14.json]
[themetechmount.com/wordpress/fablio/elementor/tag/fabric/index.html]
[themetechmount.com/wordpress/fablio/elementor/wp-json/wp/v2/tags/15.json]
[themetechmount.com/wordpress/fablio/elementor/tag/fashion/index.html]
[themetechmount.com/wordpress/fablio/elementor/tag/fashion/feed/index.html]
[themetechmount.com/wordpress/fablio/elementor/wp-json/wp/v2/tags/16.json]
[themetechmount.com/wordpress/fablio/elementor/tag/rayon/index.html]
[themetechmount.com/wordpress/fablio/elementor/tag/rayon/feed/index.html]
[themetechmount.com/wordpress/fablio/elementor/tag/silk/feed/index.html]
[themetechmount.com/wordpress/fablio/elementor/wp-json/wp/v2/tags/17.json]
[themetechmount.com/wordpress/fablio/elementor/tag/silk/index.html]
[themetechmount.com/wordpress/fablio/elementor/tag/textile/feed/index.html]
[themetechmount.com/wordpress/fablio/elementor/wp-json/wp/v2/tags/19.json]
[themetechmount.com/wordpress/fablio/elementor/tag/textile/index.html]
[themetechmount.com/wordpress/fablio/elementor/wp-content/uploads/sites/13/elementor/css/post-1113545e.css]
[themetechmount.com/wordpress/fablio/elementor/index5d7e.html]
[themetechmount.com/wordpress/fablio/elementor/index248a.html]
[themetechmount.com/wordpress/fablio/elementor/xmlrpc.php]
[themetechmount.com/wordpress/fablio/elementor/wp-content/uploads/sites/13/elementor/css/post-8706c79.css]
[themetechmount.com/wordpress/fablio/elementor/wp-content/plugins/elementor/assets/lib/font-awesome/webfonts/fa-regular-400.eot]
[themetechmount.com/wordpress/fablio/elementor/wp-content/plugins/elementor/assets/lib/font-awesome/webfonts/fa-regular-400d41d.eot]
[themetechmount.com/wordpress/fablio/elementor/wp-content/plugins/elementor/assets/lib/font-awesome/webfonts/fa-regular-400.woff2]
[themetechmount.com/wordpress/fablio/elementor/wp-content/plugins/elementor/assets/lib/font-awesome/webfonts/fa-regular-400.woff]
[themetechmount.com/wordpress/fablio/elementor/wp-content/plugins/elementor/assets/lib/font-awesome/webfonts/fa-regular-400.ttf]
[themetechmount.com/wordpress/fablio/elementor/wp-content/plugins/elementor/assets/lib/font-awesome/css/regular.min52d5.css]
[themetechmount.com/wordpress/fablio/elementor/index9af7.html]
[themetechmount.com/wordpress/fablio/elementor/wp-json/wp/v2/users/1.json]
[themetechmount.com/wordpress/fablio/elementor/author/admin/page/2/index.html]
[themetechmount.com/wordpress/fablio/elementor/index86fa.html]
[themetechmount.com/wordpress/fablio/elementor/index47f2.html]
[themetechmount.com/wordpress/fablio/elementor/index9c49.html]
[themetechmount.com/wordpress/fablio/elementor/wp-content/plugins/revslider/public/assets/fonts/revicons/revicons90c6.svg]
[themetechmount.com/wordpress/fablio/elementor/wp-content/plugins/revslider/public/assets/css/openhand.html]
[themetechmount.com/wordpress/fablio/elementor/wp-content/plugins/revslider/public/assets/css/closedhand.html]
[localhost/textile_new/wp-content/themes/vemlo/images/floatingbar-bg.jpg]
[themetechmount.com/wordpress/fablio/elementor/wp-content/uploads/sites/13/elementor/css/post-7582d4e.css]
[themetechmount.com/wordpress/fablio/elementor/indexd4c3.html]
[themetechmount.com/wordpress/fablio/elementor/wp-content/uploads/sites/13/elementor/css/post-386a1b6.css]
[themetechmount.com/wordpress/fablio/elementor/index2023.html]
[themetechmount.com/wordpress/fablio/elementor/wp-content/uploads/sites/13/elementor/css/post-383e251.css]
[themetechmount.com/wordpress/fablio/elementor/index3f97.html]
[themetechmount.com/wordpress/fablio/elementor/wp-content/uploads/sites/13/elementor/css/post-385a34d.css]
[themetechmount.com/wordpress/fablio/elementor/indexf1ac.html]
[themetechmount.com/wordpress/fablio/elementor/wp-content/uploads/sites/13/elementor/css/post-757a34d.css]
[themetechmount.com/wordpress/fablio/elementor/index3d1a.html]
[themetechmount.com/wordpress/fablio/elementor/indexb703.html]
[themetechmount.com/wordpress/fablio/elementor/index87d0.html]
[themetechmount.com/wordpress/fablio/elementor/wp-content/uploads/sites/13/elementor/css/post-903ae2a.css]
[themetechmount.com/wordpress/fablio/elementor/index975b.html]
[themetechmount.com/wordpress/fablio/elementor/wp-content/uploads/sites/13/elementor/css/post-902f2ee.css]
[themetechmount.com/wordpress/fablio/elementor/index2f19.html]
[themetechmount.com/wordpress/fablio/elementor/wp-content/uploads/sites/13/elementor/css/post-901e3c7.css]
[themetechmount.com/wordpress/fablio/elementor/indexead7.html]
[themetechmount.com/wordpress/fablio/elementor/wp-content/uploads/sites/13/elementor/css/post-74625e6.css]
[themetechmount.com/wordpress/fablio/elementor/index245e.html]
[themetechmount.com/wordpress/fablio/elementor/wp-content/uploads/sites/13/elementor/css/post-74750a1.css]
[themetechmount.com/wordpress/fablio/elementor/indexa4b6.html]
[themetechmount.com/wordpress/fablio/elementor/blog/page/1/index.html]
[themetechmount.com/wordpress/fablio/elementor/wp-content/plugins/elementor/assets/lib/font-awesome/webfonts/fa-regular-400.svg]
[themetechmount.com/wordpress/fablio/elementor/author/admin/page/1/index.html]
[themetechmount.com/wordpress/fablio/elementor/wp-content/themes/fablio/fonts/glyphicons-halflings-regular.html]
[themetechmount.com/wordpress/fablio/elementor/wp-content/themes/fablio/fonts/glyphicons-halflings-regulard41d.html]
[themetechmount.com/wordpress/fablio/elementor/wp-content/themes/fablio/fonts/glyphicons-halflings-regular-2.html]
[themetechmount.com/wordpress/fablio/elementor/wp-content/themes/fablio/fonts/glyphicons-halflings-regular-3.html]
[themetechmount.com/wordpress/fablio/elementor/wp-content/themes/fablio/fonts/glyphicons-halflings-regular-4.html]
[themetechmount.com/wordpress/fablio/elementor/wp-content/themes/fablio/fonts/glyphicons-halflings-regular-5.html]
